###############################################################################
#
# IAR ELF Linker V3.11.1.207 for STM8                     12/Dec/2020  12:59:59
# Copyright 2010-2019 IAR Systems AB.
#
#    Output file  =  
#        C:\Users\Dat
#        UTC\Documents\Rang_Dong\dong_goi_du_an\DEN_HOC_DUONG\R_D_light_sensor_DEN_HOC_DUONG\Debug\Exe\TEST_LIB.out
#    Map file     =  
#        C:\Users\Dat
#        UTC\Documents\Rang_Dong\dong_goi_du_an\DEN_HOC_DUONG\R_D_light_sensor_DEN_HOC_DUONG\Debug\List\TEST_LIB.map
#    Command line =  
#        -f C:\Users\DATUTC~1\AppData\Local\Temp\EW5AC.tmp ("C:\Users\Dat
#        UTC\Documents\Rang_Dong\dong_goi_du_an\DEN_HOC_DUONG\R_D_light_sensor_DEN_HOC_DUONG\Debug\Obj\main.o"
#        "C:\Users\Dat
#        UTC\Documents\Rang_Dong\dong_goi_du_an\DEN_HOC_DUONG\R_D_light_sensor_DEN_HOC_DUONG\Debug\Obj\stm8s_adc1.o"
#        "C:\Users\Dat
#        UTC\Documents\Rang_Dong\dong_goi_du_an\DEN_HOC_DUONG\R_D_light_sensor_DEN_HOC_DUONG\Debug\Obj\stm8s_clk.o"
#        "C:\Users\Dat
#        UTC\Documents\Rang_Dong\dong_goi_du_an\DEN_HOC_DUONG\R_D_light_sensor_DEN_HOC_DUONG\Debug\Obj\stm8s_flash.o"
#        "C:\Users\Dat
#        UTC\Documents\Rang_Dong\dong_goi_du_an\DEN_HOC_DUONG\R_D_light_sensor_DEN_HOC_DUONG\Debug\Obj\stm8s_gpio.o"
#        "C:\Users\Dat
#        UTC\Documents\Rang_Dong\dong_goi_du_an\DEN_HOC_DUONG\R_D_light_sensor_DEN_HOC_DUONG\Debug\Obj\stm8s_it.o"
#        "C:\Users\Dat
#        UTC\Documents\Rang_Dong\dong_goi_du_an\DEN_HOC_DUONG\R_D_light_sensor_DEN_HOC_DUONG\Debug\Obj\stm8s_tim1.o"
#        --redirect _Printf=_PrintfSmall --redirect _Scanf=_ScanfSmall
#        --no_out_extension -o "C:\Users\Dat
#        UTC\Documents\Rang_Dong\dong_goi_du_an\DEN_HOC_DUONG\R_D_light_sensor_DEN_HOC_DUONG\Debug\Exe\TEST_LIB.out"
#        --map "C:\Users\Dat
#        UTC\Documents\Rang_Dong\dong_goi_du_an\DEN_HOC_DUONG\R_D_light_sensor_DEN_HOC_DUONG\Debug\List\TEST_LIB.map"
#        --config "C:\Program Files (x86)\IAR Systems\Embedded Workbench
#        8.3\stm8\config\lnkstm8s003f3.icf" --config_def _CSTACK_SIZE=0x100
#        --config_def _HEAP_SIZE=0x100 --entry __iar_program_start --debug_lib)
#
###############################################################################

*******************************************************************************
*** RUNTIME MODEL ATTRIBUTES
***

__SystemLibrary            = DLib
__code_model               = small
__core                     = stm8
__data_model               = medium
__dlib_file_descriptor     = 0
__dlib_full_locale_support = 0
__rt_version               = 4


*******************************************************************************
*** PLACEMENT SUMMARY
***

"A0":  place at start of [0x000000-0x0000ff] { rw section .vregs };
"A1":  place at end of [0x000000-0x0003ff] { block CSTACK };
"P2":  place in [from 0x000000 to 0x0003ff] {
          block HEAP, rw section __DLIB_PERTHREAD, rw section .far.bss,
          rw section .far.data, rw section .far.noinit,
          rw section .far_func.textrw, rw section .huge.bss,
          rw section .huge.data, rw section .huge.noinit,
          rw section .huge_func.textrw, rw section .iar.dynexit,
          rw section .near.bss, rw section .near.data, rw section .near.noinit,
          rw section .near_func.textrw };
"A2":  place at start of [0x008000-0x009fff] { block INTVEC };
"P3":  place in [from 0x008000 to 0x009fff] {
          ro section __DLIB_PERTHREAD_init, ro section .far.data_init,
          ro section .far_func.textrw_init, ro section .huge.data_init,
          ro section .huge_func.textrw_init, ro section .iar.init_table,
          ro section .init_array, ro section .near.data_init,
          ro section .near.rodata, ro section .near_func.text,
          ro section .near_func.textrw_init, ro section .tiny.data_init,
          ro section .tiny.rodata_init };
"P4":  place in [from 0x008000 to 0x009fff] {
          ro section .far.rodata, ro section .far_func.text };
"P5":  place in [from 0x008000 to 0x009fff] {
          ro section .huge.rodata, ro section .huge_func.text };
do not initialize {
   rw section .eeprom.noinit, rw section .far.noinit, rw section .huge.noinit,
   rw section .near.noinit, rw section .tiny.noinit, rw section .vregs };

No sections matched the following patterns:

  ro section .far.data_init          in "P3-P5"
  ro section .far.rodata             in "P3-P5"
  ro section .far_func.text          in "P3-P5"
  ro section .far_func.textrw_init   in "P3-P5"
  ro section .huge.data_init         in "P3-P5"
  ro section .huge.rodata            in "P3-P5"
  ro section .huge_func.text         in "P3-P5"
  ro section .huge_func.textrw_init  in "P3-P5"
  ro section .iar.init_table         in "P3-P5"
  ro section .init_array             in "P3-P5"
  ro section .near.data_init         in "P3-P5"
  ro section .near_func.textrw_init  in "P3-P5"
  ro section .tiny.data_init         in "P3-P5"
  ro section .tiny.rodata_init       in "P3-P5"
  ro section __DLIB_PERTHREAD_init   in "P3-P5"
  rw section .far.bss                in "P2"
  rw section .far.data               in "P2"
  rw section .far.noinit             in "P2"
  rw section .far_func.textrw        in "P2"
  rw section .huge.bss               in "P2"
  rw section .huge.data              in "P2"
  rw section .huge.noinit            in "P2"
  rw section .huge_func.textrw       in "P2"
  rw section .iar.dynexit            in "P2"
  rw section .near.data              in "P2"
  rw section .near.noinit            in "P2"
  rw section .near_func.textrw       in "P2"
  rw section .tiny.bss               in "P1"
  rw section .tiny.data              in "P1"
  rw section .tiny.noinit            in "P1"
  rw section .tiny.rodata            in "P1"
  rw section __DLIB_PERTHREAD        in "P2"
  section .eeprom.data               in "P6-P8"
  section .eeprom.noinit             in "P6-P8"
  section .eeprom.rodata             in "P6-P8"


  Section          Kind      Address    Size  Object
  -------          ----      -------    ----  ------
"A0":                                   0x10
  .vregs           uninit   0x000000    0x10  vregs.o [4]
                          - 0x000010    0x10

"P2":                                   0x15
  .near.bss        zero     0x000010     0x4  main.o [1]
  .near.bss        zero     0x000014     0x2  main.o [1]
  .near.bss        zero     0x000016     0x2  main.o [1]
  .near.bss        zero     0x000018     0x2  main.o [1]
  .near.bss        zero     0x00001a     0x2  main.o [1]
  .near.bss        zero     0x00001c     0x2  main.o [1]
  .near.bss        zero     0x00001e     0x2  main.o [1]
  .near.bss        zero     0x000020     0x1  main.o [1]
  .near.bss        zero     0x000021     0x1  main.o [1]
  .near.bss        zero     0x000022     0x1  main.o [1]
  .near.bss        zero     0x000023     0x1  main.o [1]
  .near.bss        zero     0x000024     0x1  main.o [1]
                          - 0x000025    0x15

"A1":                                  0x100
  CSTACK                    0x000300   0x100  <Block>
    CSTACK         uninit   0x000300   0x100  <Block tail>
                          - 0x000400   0x100

"A2":                                   0x80
  INTVEC                    0x008000    0x80  <Block>
    .intvec        const    0x008000    0x80  interrupt.o [4]
                          - 0x008080    0x80

"P3-P5":                              0x1240
  .near_func.text  ro code  0x008080   0x21e  main.o [1]
  .near_func.text  ro code  0x00829e   0x19a  stm8s_adc1.o [1]
  .near_func.text  ro code  0x008438   0x110  stm8s_gpio.o [1]
  .near_func.text  ro code  0x008548    0xfc  stm8s_adc1.o [1]
  .near_func.text  ro code  0x008644    0xd0  stm8s_tim1.o [1]
  .near_func.text  ro code  0x008714    0xbe  stm8s_adc1.o [1]
  .near_func.text  ro code  0x0087d2    0xa4  vreg_util.o [4]
  .near_func.text  ro code  0x008876    0x99  stm8s_tim1.o [1]
  .near_func.text  ro code  0x00890f    0x97  main.o [1]
  .near_func.text  ro code  0x0089a6    0x8b  stm8s_clk.o [1]
  .near_func.text  ro code  0x008a31    0x88  main.o [1]
  .near.rodata     const    0x008ab9    0x77  stm8s_flash.o [1]
  .near.rodata     const    0x008b30    0x76  stm8s_adc1.o [1]
  .near.rodata     const    0x008ba6    0x76  stm8s_gpio.o [1]
  .near.rodata     const    0x008c1c    0x76  stm8s_tim1.o [1]
  .near.rodata     const    0x008c92    0x75  stm8s_clk.o [1]
  .near_func.text  ro code  0x008d07    0x60  stm8s_tim1.o [1]
  .near_func.text  ro code  0x008d67    0x5c  stm8s_gpio.o [1]
  .near_func.text  ro code  0x008dc3    0x5b  stm8s_adc1.o [1]
  .near_func.text  ro code  0x008e1e    0x59  stm8s_adc1.o [1]
  .near_func.text  ro code  0x008e77    0x55  stm8s_adc1.o [1]
  .near_func.text  ro code  0x008ecc    0x55  stm8s_adc1.o [1]
  .near_func.text  ro code  0x008f21    0x54  stm8s_flash.o [1]
  .near_func.text  ro code  0x008f75    0x4a  stm8s_flash.o [1]
  .near_func.text  ro code  0x008fbf    0x4a  stm8s_flash.o [1]
  .near_func.text  ro code  0x009009    0x3b  stm8s_flash.o [1]
  .near_func.text  ro code  0x009044    0x36  stm8s_clk.o [1]
  .near_func.text  ro code  0x00907a    0x32  main.o [1]
  .near_func.text  ro code  0x0090ac    0x31  stm8s_adc1.o [1]
  .near_func.text  ro code  0x0090dd    0x2f  stm8s_tim1.o [1]
  .near_func.text  ro code  0x00910c    0x2f  stm8s_tim1.o [1]
  .near_func.text  ro code  0x00913b    0x2d  stm8s_flash.o [1]
  .near_func.text  ro code  0x009168    0x2c  main.o [1]
  .iar.init_table  const    0x009194     0x8  - Linker created -
  .near_func.text  ro code  0x00919c    0x1f  main.o [1]
  .near_func.text  ro code  0x0091bb    0x1e  init_small.o [4]
  .near_func.text  ro code  0x0091d9    0x1d  long.o [4]
  .near_func.text  ro code  0x0091f6    0x18  stm8s_flash.o [1]
  .near_func.text  ro code  0x00920e    0x14  stm8s_gpio.o [1]
  .near_func.text  ro code  0x009222    0x14  init.o [4]
  .near_func.text  ro code  0x009236    0x14  __dbg_xxexit.o [3]
  .near_func.text  ro code  0x00924a    0x13  cstartup.o [4]
  .near_func.text  ro code  0x00925d     0xf  short.o [4]
  .near_func.text  ro code  0x00926c     0xc  long_util.o [4]
  .near_func.text  ro code  0x009278     0xb  dc_util.o [4]
  .near_func.text  ro code  0x009283     0x9  stm8s_tim1.o [1]
  .near_func.text  ro code  0x00928c     0x7  stm8s_gpio.o [1]
  .near_func.text  ro code  0x009293     0x5  stm8s_adc1.o [1]
  .near_func.text  ro code  0x009298     0x5  cexit.o [4]
  .near_func.text  ro code  0x00929d     0x3  interrupt.o [4]
  .near_func.text  ro code  0x0092a0     0x3  low_level_init.o [4]
  .near_func.text  ro code  0x0092a3     0x3  exit.o [4]
  .near_func.text  ro code  0x0092a6     0x3  unhandled_exception.o [4]
  .near_func.text  ro code  0x0092a9     0x2  main.o [1]
  .near_func.text  ro code  0x0092ab     0x1  stm8s_it.o [1]
  .near_func.text  ro code  0x0092ac     0x1  stm8s_it.o [1]
  .near_func.text  ro code  0x0092ad     0x1  stm8s_it.o [1]
  .near_func.text  ro code  0x0092ae     0x1  stm8s_it.o [1]
  .near_func.text  ro code  0x0092af     0x1  stm8s_it.o [1]
  .near_func.text  ro code  0x0092b0     0x1  stm8s_it.o [1]
  .near_func.text  ro code  0x0092b1     0x1  stm8s_it.o [1]
  .near_func.text  ro code  0x0092b2     0x1  stm8s_it.o [1]
  .near_func.text  ro code  0x0092b3     0x1  stm8s_it.o [1]
  .near_func.text  ro code  0x0092b4     0x1  stm8s_it.o [1]
  .near_func.text  ro code  0x0092b5     0x1  stm8s_it.o [1]
  .near_func.text  ro code  0x0092b6     0x1  stm8s_it.o [1]
  .near_func.text  ro code  0x0092b7     0x1  stm8s_it.o [1]
  .near_func.text  ro code  0x0092b8     0x1  stm8s_it.o [1]
  .near_func.text  ro code  0x0092b9     0x1  stm8s_it.o [1]
  .near_func.text  ro code  0x0092ba     0x1  stm8s_it.o [1]
  .near_func.text  ro code  0x0092bb     0x1  stm8s_it.o [1]
  .near_func.text  ro code  0x0092bc     0x1  stm8s_it.o [1]
  .near_func.text  ro code  0x0092bd     0x1  stm8s_it.o [1]
  .near_func.text  ro code  0x0092be     0x1  stm8s_it.o [1]
  .near_func.text  ro code  0x0092bf     0x1  __dbg_break.o [3]
                          - 0x0092c0  0x1240


*******************************************************************************
*** INIT TABLE
***

          Address   Size
          -------   ----
Zero (__iar_zero_init2)
    1 destination range, total size 0x15:
          0x000010  0x15



*******************************************************************************
*** MODULE SUMMARY
***

    Module                 ro code  ro data  rw data
    ------                 -------  -------  -------
C:\Users\Dat UTC\Documents\Rang_Dong\dong_goi_du_an\DEN_HOC_DUONG\R_D_light_sensor_DEN_HOC_DUONG\Debug\Obj: [1]
    main.o                     956                21
    stm8s_adc1.o             1 256      118
    stm8s_clk.o                193      117
    stm8s_flash.o              360      119
    stm8s_gpio.o               391      118
    stm8s_it.o                  20
    stm8s_tim1.o               560      118
    ------------------------------------------------
    Total:                   3 736      590       21

command line: [2]
    ------------------------------------------------
    Total:

dbgstm8smd.a: [3]
    __dbg_break.o                1
    __dbg_xxexit.o              20
    ------------------------------------------------
    Total:                      21

dlstm8smn.a: [4]
    cexit.o                      5
    cstartup.o                  19
    dc_util.o                   11
    exit.o                       3
    init.o                      20
    init_small.o                30
    interrupt.o                  3      128
    long.o                      29
    long_util.o                 12
    low_level_init.o             3
    short.o                     15
    unhandled_exception.o        3
    vreg_util.o                164
    vregs.o                                       16
    ------------------------------------------------
    Total:                     317      128       16

    Linker created                        8      256
----------------------------------------------------
    Grand Total:             4 074      726      293


*******************************************************************************
*** ENTRY LIST
***

Entry                    Address   Size  Type      Object
-----                    -------   ----  ----      ------
.iar.init_table$$Base   0x009194          --   Gb  - Linker created -
.iar.init_table$$Limit  0x00919c          --   Gb  - Linker created -
?b0                     0x000000         Data  Gb  vregs.o [4]
?b1                     0x000001         Data  Gb  vregs.o [4]
?b10                    0x00000a         Data  Gb  vregs.o [4]
?b11                    0x00000b         Data  Gb  vregs.o [4]
?b12                    0x00000c         Data  Gb  vregs.o [4]
?b13                    0x00000d         Data  Gb  vregs.o [4]
?b14                    0x00000e         Data  Gb  vregs.o [4]
?b15                    0x00000f         Data  Gb  vregs.o [4]
?b2                     0x000002         Data  Gb  vregs.o [4]
?b3                     0x000003         Data  Gb  vregs.o [4]
?b4                     0x000004         Data  Gb  vregs.o [4]
?b5                     0x000005         Data  Gb  vregs.o [4]
?b6                     0x000006         Data  Gb  vregs.o [4]
?b7                     0x000007         Data  Gb  vregs.o [4]
?b8                     0x000008         Data  Gb  vregs.o [4]
?b9                     0x000009         Data  Gb  vregs.o [4]
?dc32_px                0x009278         Code  Gb  dc_util.o [4]
?e0                     0x000001         Data  Gb  vregs.o [4]
?e1                     0x000005         Data  Gb  vregs.o [4]
?e2                     0x000009         Data  Gb  vregs.o [4]
?e3                     0x00000d         Data  Gb  vregs.o [4]
?epilogue_l2            0x00884d         Code  Gb  vreg_util.o [4]
?epilogue_l2_l3         0x00884a         Code  Gb  vreg_util.o [4]
?epilogue_l2_w6         0x008851         Code  Gb  vreg_util.o [4]
?epilogue_w4            0x008858         Code  Gb  vreg_util.o [4]
?l0                     0x000000         Data  Gb  vregs.o [4]
?l1                     0x000004         Data  Gb  vregs.o [4]
?l2                     0x000008         Data  Gb  vregs.o [4]
?l3                     0x00000c         Data  Gb  vregs.o [4]
?load32_l0_0x           0x00926c         Code  Gb  long_util.o [4]
?mov_e0_e2              0x00885f         Code  Gb  vreg_util.o [4]
?mov_e2_e0              0x00886c         Code  Gb  vreg_util.o [4]
?mov_l0_l2              0x00885c         Code  Gb  vreg_util.o [4]
?mov_l2_l0              0x008869         Code  Gb  vreg_util.o [4]
?mov_w1_w5              0x008862         Code  Gb  vreg_util.o [4]
?mov_w5_w1              0x00886f         Code  Gb  vreg_util.o [4]
?pop_l2                 0x00882c         Code  Gb  vreg_util.o [4]
?pop_l3                 0x008837         Code  Gb  vreg_util.o [4]
?pop_w4                 0x0087ef         Code  Gb  vreg_util.o [4]
?pop_w6                 0x0087f6         Code  Gb  vreg_util.o [4]
?push_l2                0x008805         Code  Gb  vreg_util.o [4]
?push_l3                0x00880a         Code  Gb  vreg_util.o [4]
?push_w4                0x0087d2         Code  Gb  vreg_util.o [4]
?push_w6                0x0087d7         Code  Gb  vreg_util.o [4]
?sll16_x_x_4            0x009267         Code  Gb  short.o [4]
?sll16_x_x_5            0x009266         Code  Gb  short.o [4]
?sll16_x_x_6            0x009265         Code  Gb  short.o [4]
?sll16_x_x_a            0x00925d         Code  Gb  short.o [4]
?sub32_l0_l0_0x         0x0091de         Code  Gb  long.o [4]
?sub32_l0_l0_dl         0x0091d9         Code  Gb  long.o [4]
?w0                     0x000000         Data  Gb  vregs.o [4]
?w1                     0x000002         Data  Gb  vregs.o [4]
?w2                     0x000004         Data  Gb  vregs.o [4]
?w3                     0x000006         Data  Gb  vregs.o [4]
?w4                     0x000008         Data  Gb  vregs.o [4]
?w5                     0x00000a         Data  Gb  vregs.o [4]
?w6                     0x00000c         Data  Gb  vregs.o [4]
?w7                     0x00000e         Data  Gb  vregs.o [4]
ADC1_ConversionConfig   0x008714   0xbe  Code  Gb  stm8s_adc1.o [1]
ADC1_DeInit             0x0090ac   0x31  Code  Gb  stm8s_adc1.o [1]
ADC1_ExternalTriggerConfig
                        0x008e1e   0x59  Code  Gb  stm8s_adc1.o [1]
ADC1_GetConversionValue
                        0x008ecc   0x55  Code  Gb  stm8s_adc1.o [1]
ADC1_IRQHandler         0x0092bc    0x1  Code  Gb  stm8s_it.o [1]
ADC1_ITConfig           0x008dc3   0x5b  Code  Gb  stm8s_adc1.o [1]
ADC1_Init               0x00829e  0x19a  Code  Gb  stm8s_adc1.o [1]
ADC1_PrescalerConfig    0x008e77   0x55  Code  Gb  stm8s_adc1.o [1]
ADC1_SchmittTriggerConfig
                        0x008548   0xfc  Code  Gb  stm8s_adc1.o [1]
ADC1_StartConversion    0x009293    0x5  Code  Gb  stm8s_adc1.o [1]
ADC_Config              0x00907a   0x32  Code  Lc  main.o [1]
ADC_H                   0x000020    0x1  Data  Gb  main.o [1]
ADC_L                   0x000021    0x1  Data  Gb  main.o [1]
ADC_val                 0x000014    0x2  Data  Gb  main.o [1]
ADC_val_save            0x000016    0x2  Data  Gb  main.o [1]
ADC_val_save1           0x000018    0x2  Data  Gb  main.o [1]
AWU_IRQHandler          0x0092ad    0x1  Code  Gb  stm8s_it.o [1]
CLK_DeInit              0x009044   0x36  Code  Gb  stm8s_clk.o [1]
CLK_IRQHandler          0x0092ae    0x1  Code  Gb  stm8s_it.o [1]
CLK_SYSCLKConfig        0x0089a6   0x8b  Code  Gb  stm8s_clk.o [1]
CSTACK$$Base            0x000300          --   Gb  - Linker created -
CSTACK$$Limit           0x000400          --   Gb  - Linker created -
Delay                   0x00919c   0x1f  Code  Gb  main.o [1]
EEPROM_EEC_IRQHandler   0x0092be    0x1  Code  Gb  stm8s_it.o [1]
EXTI_PORTA_IRQHandler   0x0092af    0x1  Code  Gb  stm8s_it.o [1]
EXTI_PORTB_IRQHandler   0x0092b0    0x1  Code  Gb  stm8s_it.o [1]
EXTI_PORTC_IRQHandler   0x0092b1    0x1  Code  Gb  stm8s_it.o [1]
EXTI_PORTD_IRQHandler   0x0092b2    0x1  Code  Gb  stm8s_it.o [1]
EXTI_PORTE_IRQHandler   0x0092b3    0x1  Code  Gb  stm8s_it.o [1]
FLASH_DeInit            0x0091f6   0x18  Code  Gb  stm8s_flash.o [1]
FLASH_EraseByte         0x008f75   0x4a  Code  Gb  stm8s_flash.o [1]
FLASH_ProgramByte       0x008f21   0x54  Code  Gb  stm8s_flash.o [1]
FLASH_ReadByte          0x008fbf   0x4a  Code  Gb  stm8s_flash.o [1]
FLASH_SetProgrammingTime
                        0x00913b   0x2d  Code  Gb  stm8s_flash.o [1]
FLASH_Unlock            0x009009   0x3b  Code  Gb  stm8s_flash.o [1]
FLASH_addr              0x000010    0x4  Data  Gb  main.o [1]
FLASH_read_data         0x008a31   0x88  Code  Gb  main.o [1]
FLASH_save_data         0x00890f   0x97  Code  Gb  main.o [1]
GPIO_DeInit             0x00920e   0x14  Code  Gb  stm8s_gpio.o [1]
GPIO_ExternalPullUpConfig
                        0x008d67   0x5c  Code  Gb  stm8s_gpio.o [1]
GPIO_Init               0x008438  0x110  Code  Gb  stm8s_gpio.o [1]
GPIO_ReadInputPin       0x00928c    0x7  Code  Gb  stm8s_gpio.o [1]
I2C_IRQHandler          0x0092bb    0x1  Code  Gb  stm8s_it.o [1]
INTVEC$$Base            0x008000          --   Gb  - Linker created -
INTVEC$$Limit           0x008080          --   Gb  - Linker created -
PWM_H                   0x000022    0x1  Data  Gb  main.o [1]
PWM_L                   0x000023    0x1  Data  Gb  main.o [1]
PWM_pulse               0x00001a    0x2  Data  Gb  main.o [1]
PWM_pulse_save          0x00001c    0x2  Data  Gb  main.o [1]
Region$$Table$$Base     0x009194          --   Gb  - Linker created -
Region$$Table$$Limit    0x00919c          --   Gb  - Linker created -
SPI_IRQHandler          0x0092b4    0x1  Code  Gb  stm8s_it.o [1]
TIM1_CAP_COM_IRQHandler
                        0x0092b6    0x1  Code  Gb  stm8s_it.o [1]
TIM1_Cmd                0x0090dd   0x2f  Code  Gb  stm8s_tim1.o [1]
TIM1_Config             0x009168   0x2c  Code  Lc  main.o [1]
TIM1_CtrlPWMOutputs     0x00910c   0x2f  Code  Gb  stm8s_tim1.o [1]
TIM1_DeInit             0x008876   0x99  Code  Gb  stm8s_tim1.o [1]
TIM1_OC4Init            0x008644   0xd0  Code  Gb  stm8s_tim1.o [1]
TIM1_SetCompare4        0x009283    0x9  Code  Gb  stm8s_tim1.o [1]
TIM1_TimeBaseInit       0x008d07   0x60  Code  Gb  stm8s_tim1.o [1]
TIM1_UPD_OVF_TRG_BRK_IRQHandler
                        0x0092b5    0x1  Code  Gb  stm8s_it.o [1]
TIM2_CAP_COM_IRQHandler
                        0x0092b8    0x1  Code  Gb  stm8s_it.o [1]
TIM2_UPD_OVF_BRK_IRQHandler
                        0x0092b7    0x1  Code  Gb  stm8s_it.o [1]
TIM4_UPD_OVF_IRQHandler
                        0x0092bd    0x1  Code  Gb  stm8s_it.o [1]
TLI_IRQHandler          0x0092ac    0x1  Code  Gb  stm8s_it.o [1]
TRAP_IRQHandler         0x0092ab    0x1  Code  Gb  stm8s_it.o [1]
UART1_RX_IRQHandler     0x0092ba    0x1  Code  Gb  stm8s_it.o [1]
UART1_TX_IRQHandler     0x0092b9    0x1  Code  Gb  stm8s_it.o [1]
__DebugBreak            0x0092bf    0x1  Code  Gb  __dbg_break.o [3]
__exit                  0x009236   0x14  Code  Gb  __dbg_xxexit.o [3]
__iar_data_init2        0x009222   0x14  Code  Gb  init.o [4]
__iar_program_start     0x00924a         Code  Gb  cstartup.o [4]
__iar_unhandled_exception
                        0x0092a6         Code  Gb  unhandled_exception.o [4]
__iar_zero_init2        0x0091bb         Code  Gb  init_small.o [4]
__intvec                0x008000         Data  Gb  interrupt.o [4]
__low_level_init        0x0092a0    0x3  Code  Gb  low_level_init.o [4]
_exit                   0x009298         Code  Gb  cexit.o [4]
_interrupt_1            0x0092ab         Code  Gb  stm8s_it.o [1]
_interrupt_12           0x0092b4         Code  Gb  stm8s_it.o [1]
_interrupt_13           0x0092b5         Code  Gb  stm8s_it.o [1]
_interrupt_14           0x0092b6         Code  Gb  stm8s_it.o [1]
_interrupt_15           0x0092b7         Code  Gb  stm8s_it.o [1]
_interrupt_16           0x0092b8         Code  Gb  stm8s_it.o [1]
_interrupt_19           0x0092b9         Code  Gb  stm8s_it.o [1]
_interrupt_2            0x0092ac         Code  Gb  stm8s_it.o [1]
_interrupt_20           0x0092ba         Code  Gb  stm8s_it.o [1]
_interrupt_21           0x0092bb         Code  Gb  stm8s_it.o [1]
_interrupt_24           0x0092bc         Code  Gb  stm8s_it.o [1]
_interrupt_25           0x0092bd         Code  Gb  stm8s_it.o [1]
_interrupt_26           0x0092be         Code  Gb  stm8s_it.o [1]
_interrupt_3            0x0092ad         Code  Gb  stm8s_it.o [1]
_interrupt_4            0x0092ae         Code  Gb  stm8s_it.o [1]
_interrupt_5            0x0092af         Code  Gb  stm8s_it.o [1]
_interrupt_6            0x0092b0         Code  Gb  stm8s_it.o [1]
_interrupt_7            0x0092b1         Code  Gb  stm8s_it.o [1]
_interrupt_8            0x0092b2         Code  Gb  stm8s_it.o [1]
_interrupt_9            0x0092b3         Code  Gb  stm8s_it.o [1]
assert_failed           0x0092a9    0x2  Code  Gb  main.o [1]
button_cnt              0x000024    0x1  Data  Gb  main.o [1]
exit                    0x0092a3    0x3  Code  Gb  exit.o [4]
main                    0x008080  0x21e  Code  Gb  main.o [1]
main_cycle              0x00001e    0x2  Data  Gb  main.o [1]


[1] = C:\Users\Dat UTC\Documents\Rang_Dong\dong_goi_du_an\DEN_HOC_DUONG\R_D_light_sensor_DEN_HOC_DUONG\Debug\Obj
[2] = command line
[3] = dbgstm8smd.a
[4] = dlstm8smn.a

  4 074 bytes of readonly  code memory
    726 bytes of readonly  data memory
    293 bytes of readwrite data memory

Errors: none
Warnings: none
